c2_01 200 1644415
c2_02a 200 2004916
c2_02b 200 1709693
c2_03a 200 1941299
c2_03b 200 1765813
c2_04a 200 1811310
c2_04b 200 1652661
c2_05 200 2030938
c2_06a 200 1830334
c2_06b 200 1696166
c2_07 200 1910538
c2_08 200 1838717
c2_09a 200 1699919
c2_09b 200 1778722
c2_10a 200 1751277
c2_10b 200 1835121
c3_01 200 1904805
c3_02 200 1887173
c3_03a 200 2130274
c3_03b 200 1865643
c3_04 200 1793609
c3_05 200 1951888
c3_06a 200 1938319
c3_06b 200 2118483
c3_07 200 2058346
c3_08 200 2061931
c3_09b 200 1866269
c3_10a 200 2111244
c3_10b 200 1939457
c3_11a 200 1741705
c3_11b 000 
